nftset=/.aaa/4#inet#fw4#vpn_domains
nftset=/.aarp/4#inet#fw4#vpn_domains
nftset=/.abb/4#inet#fw4#vpn_domains
nftset=/.abbott/4#inet#fw4#vpn_domains
nftset=/.abbvie/4#inet#fw4#vpn_domains
nftset=/.abc/4#inet#fw4#vpn_domains
nftset=/.able/4#inet#fw4#vpn_domains
nftset=/.abogado/4#inet#fw4#vpn_domains
nftset=/.abudhabi/4#inet#fw4#vpn_domains
nftset=/.ac/4#inet#fw4#vpn_domains
nftset=/.academy/4#inet#fw4#vpn_domains
nftset=/.accenture/4#inet#fw4#vpn_domains
nftset=/.accountant/4#inet#fw4#vpn_domains
nftset=/.accountants/4#inet#fw4#vpn_domains
nftset=/.aco/4#inet#fw4#vpn_domains
nftset=/.actor/4#inet#fw4#vpn_domains
nftset=/.ad/4#inet#fw4#vpn_domains
nftset=/.ads/4#inet#fw4#vpn_domains
nftset=/.adult/4#inet#fw4#vpn_domains
nftset=/.ae/4#inet#fw4#vpn_domains
nftset=/.aeg/4#inet#fw4#vpn_domains
nftset=/.aero/4#inet#fw4#vpn_domains
nftset=/.aetna/4#inet#fw4#vpn_domains
nftset=/.af/4#inet#fw4#vpn_domains
nftset=/.afl/4#inet#fw4#vpn_domains
nftset=/.africa/4#inet#fw4#vpn_domains
nftset=/.ag/4#inet#fw4#vpn_domains
nftset=/.agakhan/4#inet#fw4#vpn_domains
nftset=/.agency/4#inet#fw4#vpn_domains
nftset=/.ai/4#inet#fw4#vpn_domains
nftset=/.aig/4#inet#fw4#vpn_domains
nftset=/.airbus/4#inet#fw4#vpn_domains
nftset=/.airforce/4#inet#fw4#vpn_domains
nftset=/.airtel/4#inet#fw4#vpn_domains
nftset=/.akdn/4#inet#fw4#vpn_domains
nftset=/.al/4#inet#fw4#vpn_domains
nftset=/.alibaba/4#inet#fw4#vpn_domains
nftset=/.alipay/4#inet#fw4#vpn_domains
nftset=/.allfinanz/4#inet#fw4#vpn_domains
nftset=/.allstate/4#inet#fw4#vpn_domains
nftset=/.ally/4#inet#fw4#vpn_domains
nftset=/.alsace/4#inet#fw4#vpn_domains
nftset=/.alstom/4#inet#fw4#vpn_domains
nftset=/.am/4#inet#fw4#vpn_domains
nftset=/.amazon/4#inet#fw4#vpn_domains
nftset=/.americanexpress/4#inet#fw4#vpn_domains
nftset=/.americanfamily/4#inet#fw4#vpn_domains
nftset=/.amex/4#inet#fw4#vpn_domains
nftset=/.amfam/4#inet#fw4#vpn_domains
nftset=/.amica/4#inet#fw4#vpn_domains
nftset=/.amsterdam/4#inet#fw4#vpn_domains
nftset=/.analytics/4#inet#fw4#vpn_domains
nftset=/.android/4#inet#fw4#vpn_domains
nftset=/.anquan/4#inet#fw4#vpn_domains
nftset=/.anz/4#inet#fw4#vpn_domains
nftset=/.ao/4#inet#fw4#vpn_domains
nftset=/.aol/4#inet#fw4#vpn_domains
nftset=/.apartments/4#inet#fw4#vpn_domains
nftset=/.app/4#inet#fw4#vpn_domains
nftset=/.apple/4#inet#fw4#vpn_domains
nftset=/.aq/4#inet#fw4#vpn_domains
nftset=/.aquarelle/4#inet#fw4#vpn_domains
nftset=/.ar/4#inet#fw4#vpn_domains
nftset=/.arab/4#inet#fw4#vpn_domains
nftset=/.aramco/4#inet#fw4#vpn_domains
nftset=/.archi/4#inet#fw4#vpn_domains
nftset=/.army/4#inet#fw4#vpn_domains
nftset=/.arpa/4#inet#fw4#vpn_domains
nftset=/.art/4#inet#fw4#vpn_domains
nftset=/.arte/4#inet#fw4#vpn_domains
nftset=/.as/4#inet#fw4#vpn_domains
nftset=/.asda/4#inet#fw4#vpn_domains
nftset=/.asia/4#inet#fw4#vpn_domains
nftset=/.associates/4#inet#fw4#vpn_domains
nftset=/.at/4#inet#fw4#vpn_domains
nftset=/.athleta/4#inet#fw4#vpn_domains
nftset=/.attorney/4#inet#fw4#vpn_domains
nftset=/.au/4#inet#fw4#vpn_domains
nftset=/.auction/4#inet#fw4#vpn_domains
nftset=/.audi/4#inet#fw4#vpn_domains
nftset=/.audible/4#inet#fw4#vpn_domains
nftset=/.audio/4#inet#fw4#vpn_domains
nftset=/.auspost/4#inet#fw4#vpn_domains
nftset=/.author/4#inet#fw4#vpn_domains
nftset=/.auto/4#inet#fw4#vpn_domains
nftset=/.autos/4#inet#fw4#vpn_domains
nftset=/.aw/4#inet#fw4#vpn_domains
nftset=/.aws/4#inet#fw4#vpn_domains
nftset=/.ax/4#inet#fw4#vpn_domains
nftset=/.axa/4#inet#fw4#vpn_domains
nftset=/.az/4#inet#fw4#vpn_domains
nftset=/.azure/4#inet#fw4#vpn_domains
nftset=/.ba/4#inet#fw4#vpn_domains
nftset=/.baby/4#inet#fw4#vpn_domains
nftset=/.baidu/4#inet#fw4#vpn_domains
nftset=/.banamex/4#inet#fw4#vpn_domains
nftset=/.band/4#inet#fw4#vpn_domains
nftset=/.bank/4#inet#fw4#vpn_domains
nftset=/.bar/4#inet#fw4#vpn_domains
nftset=/.barcelona/4#inet#fw4#vpn_domains
nftset=/.barclaycard/4#inet#fw4#vpn_domains
nftset=/.barclays/4#inet#fw4#vpn_domains
nftset=/.barefoot/4#inet#fw4#vpn_domains
nftset=/.bargains/4#inet#fw4#vpn_domains
nftset=/.baseball/4#inet#fw4#vpn_domains
nftset=/.basketball/4#inet#fw4#vpn_domains
nftset=/.bauhaus/4#inet#fw4#vpn_domains
nftset=/.bayern/4#inet#fw4#vpn_domains
nftset=/.bb/4#inet#fw4#vpn_domains
nftset=/.bbc/4#inet#fw4#vpn_domains
nftset=/.bbt/4#inet#fw4#vpn_domains
nftset=/.bbva/4#inet#fw4#vpn_domains
nftset=/.bcg/4#inet#fw4#vpn_domains
nftset=/.bcn/4#inet#fw4#vpn_domains
nftset=/.bd/4#inet#fw4#vpn_domains
nftset=/.be/4#inet#fw4#vpn_domains
nftset=/.beats/4#inet#fw4#vpn_domains
nftset=/.beauty/4#inet#fw4#vpn_domains
nftset=/.beer/4#inet#fw4#vpn_domains
nftset=/.berlin/4#inet#fw4#vpn_domains
nftset=/.best/4#inet#fw4#vpn_domains
nftset=/.bestbuy/4#inet#fw4#vpn_domains
nftset=/.bet/4#inet#fw4#vpn_domains
nftset=/.bf/4#inet#fw4#vpn_domains
nftset=/.bg/4#inet#fw4#vpn_domains
nftset=/.bh/4#inet#fw4#vpn_domains
nftset=/.bharti/4#inet#fw4#vpn_domains
nftset=/.bi/4#inet#fw4#vpn_domains
nftset=/.bible/4#inet#fw4#vpn_domains
nftset=/.bid/4#inet#fw4#vpn_domains
nftset=/.bike/4#inet#fw4#vpn_domains
nftset=/.bing/4#inet#fw4#vpn_domains
nftset=/.bingo/4#inet#fw4#vpn_domains
nftset=/.bio/4#inet#fw4#vpn_domains
nftset=/.biz/4#inet#fw4#vpn_domains
nftset=/.bj/4#inet#fw4#vpn_domains
nftset=/.black/4#inet#fw4#vpn_domains
nftset=/.blackfriday/4#inet#fw4#vpn_domains
nftset=/.blockbuster/4#inet#fw4#vpn_domains
nftset=/.blog/4#inet#fw4#vpn_domains
nftset=/.bloomberg/4#inet#fw4#vpn_domains
nftset=/.blue/4#inet#fw4#vpn_domains
nftset=/.bm/4#inet#fw4#vpn_domains
nftset=/.bms/4#inet#fw4#vpn_domains
nftset=/.bmw/4#inet#fw4#vpn_domains
nftset=/.bn/4#inet#fw4#vpn_domains
nftset=/.bnpparibas/4#inet#fw4#vpn_domains
nftset=/.bo/4#inet#fw4#vpn_domains
nftset=/.boats/4#inet#fw4#vpn_domains
nftset=/.boehringer/4#inet#fw4#vpn_domains
nftset=/.bofa/4#inet#fw4#vpn_domains
nftset=/.bom/4#inet#fw4#vpn_domains
nftset=/.bond/4#inet#fw4#vpn_domains
nftset=/.boo/4#inet#fw4#vpn_domains
nftset=/.book/4#inet#fw4#vpn_domains
nftset=/.booking/4#inet#fw4#vpn_domains
nftset=/.bosch/4#inet#fw4#vpn_domains
nftset=/.bostik/4#inet#fw4#vpn_domains
nftset=/.boston/4#inet#fw4#vpn_domains
nftset=/.bot/4#inet#fw4#vpn_domains
nftset=/.boutique/4#inet#fw4#vpn_domains
nftset=/.box/4#inet#fw4#vpn_domains
nftset=/.br/4#inet#fw4#vpn_domains
nftset=/.bradesco/4#inet#fw4#vpn_domains
nftset=/.bridgestone/4#inet#fw4#vpn_domains
nftset=/.broadway/4#inet#fw4#vpn_domains
nftset=/.broker/4#inet#fw4#vpn_domains
nftset=/.brother/4#inet#fw4#vpn_domains
nftset=/.brussels/4#inet#fw4#vpn_domains
nftset=/.bs/4#inet#fw4#vpn_domains
nftset=/.bt/4#inet#fw4#vpn_domains
nftset=/.build/4#inet#fw4#vpn_domains
nftset=/.builders/4#inet#fw4#vpn_domains
nftset=/.business/4#inet#fw4#vpn_domains
nftset=/.buy/4#inet#fw4#vpn_domains
nftset=/.buzz/4#inet#fw4#vpn_domains
nftset=/.bv/4#inet#fw4#vpn_domains
nftset=/.bw/4#inet#fw4#vpn_domains
nftset=/.by/4#inet#fw4#vpn_domains
nftset=/.bz/4#inet#fw4#vpn_domains
nftset=/.bzh/4#inet#fw4#vpn_domains
nftset=/.ca/4#inet#fw4#vpn_domains
nftset=/.cab/4#inet#fw4#vpn_domains
nftset=/.cafe/4#inet#fw4#vpn_domains
nftset=/.cal/4#inet#fw4#vpn_domains
nftset=/.call/4#inet#fw4#vpn_domains
nftset=/.calvinklein/4#inet#fw4#vpn_domains
nftset=/.cam/4#inet#fw4#vpn_domains
nftset=/.camera/4#inet#fw4#vpn_domains
nftset=/.camp/4#inet#fw4#vpn_domains
nftset=/.canon/4#inet#fw4#vpn_domains
nftset=/.capetown/4#inet#fw4#vpn_domains
nftset=/.capital/4#inet#fw4#vpn_domains
nftset=/.capitalone/4#inet#fw4#vpn_domains
nftset=/.car/4#inet#fw4#vpn_domains
nftset=/.caravan/4#inet#fw4#vpn_domains
nftset=/.cards/4#inet#fw4#vpn_domains
nftset=/.care/4#inet#fw4#vpn_domains
nftset=/.career/4#inet#fw4#vpn_domains
nftset=/.careers/4#inet#fw4#vpn_domains
nftset=/.cars/4#inet#fw4#vpn_domains
nftset=/.casa/4#inet#fw4#vpn_domains
nftset=/.case/4#inet#fw4#vpn_domains
nftset=/.cash/4#inet#fw4#vpn_domains
nftset=/.casino/4#inet#fw4#vpn_domains
nftset=/.cat/4#inet#fw4#vpn_domains
nftset=/.catering/4#inet#fw4#vpn_domains
nftset=/.catholic/4#inet#fw4#vpn_domains
nftset=/.cba/4#inet#fw4#vpn_domains
nftset=/.cbn/4#inet#fw4#vpn_domains
nftset=/.cbre/4#inet#fw4#vpn_domains
nftset=/.cc/4#inet#fw4#vpn_domains
nftset=/.cd/4#inet#fw4#vpn_domains
nftset=/.center/4#inet#fw4#vpn_domains
nftset=/.ceo/4#inet#fw4#vpn_domains
nftset=/.cern/4#inet#fw4#vpn_domains
nftset=/.cf/4#inet#fw4#vpn_domains
nftset=/.cfa/4#inet#fw4#vpn_domains
nftset=/.cfd/4#inet#fw4#vpn_domains
nftset=/.cg/4#inet#fw4#vpn_domains
nftset=/.ch/4#inet#fw4#vpn_domains
nftset=/.chanel/4#inet#fw4#vpn_domains
nftset=/.channel/4#inet#fw4#vpn_domains
nftset=/.charity/4#inet#fw4#vpn_domains
nftset=/.chase/4#inet#fw4#vpn_domains
nftset=/.chat/4#inet#fw4#vpn_domains
nftset=/.cheap/4#inet#fw4#vpn_domains
nftset=/.chintai/4#inet#fw4#vpn_domains
nftset=/.christmas/4#inet#fw4#vpn_domains
nftset=/.chrome/4#inet#fw4#vpn_domains
nftset=/.church/4#inet#fw4#vpn_domains
nftset=/.ci/4#inet#fw4#vpn_domains
nftset=/.cipriani/4#inet#fw4#vpn_domains
nftset=/.circle/4#inet#fw4#vpn_domains
nftset=/.cisco/4#inet#fw4#vpn_domains
nftset=/.citadel/4#inet#fw4#vpn_domains
nftset=/.citi/4#inet#fw4#vpn_domains
nftset=/.citic/4#inet#fw4#vpn_domains
nftset=/.city/4#inet#fw4#vpn_domains
nftset=/.ck/4#inet#fw4#vpn_domains
nftset=/.cl/4#inet#fw4#vpn_domains
nftset=/.claims/4#inet#fw4#vpn_domains
nftset=/.cleaning/4#inet#fw4#vpn_domains
nftset=/.click/4#inet#fw4#vpn_domains
nftset=/.clinic/4#inet#fw4#vpn_domains
nftset=/.clinique/4#inet#fw4#vpn_domains
nftset=/.clothing/4#inet#fw4#vpn_domains
nftset=/.cloud/4#inet#fw4#vpn_domains
nftset=/.club/4#inet#fw4#vpn_domains
nftset=/.clubmed/4#inet#fw4#vpn_domains
nftset=/.cm/4#inet#fw4#vpn_domains
nftset=/.cn/4#inet#fw4#vpn_domains
nftset=/.co/4#inet#fw4#vpn_domains
nftset=/.coach/4#inet#fw4#vpn_domains
nftset=/.codes/4#inet#fw4#vpn_domains
nftset=/.coffee/4#inet#fw4#vpn_domains
nftset=/.college/4#inet#fw4#vpn_domains
nftset=/.cologne/4#inet#fw4#vpn_domains
nftset=/.com/4#inet#fw4#vpn_domains
nftset=/.commbank/4#inet#fw4#vpn_domains
nftset=/.community/4#inet#fw4#vpn_domains
nftset=/.company/4#inet#fw4#vpn_domains
nftset=/.compare/4#inet#fw4#vpn_domains
nftset=/.computer/4#inet#fw4#vpn_domains
nftset=/.comsec/4#inet#fw4#vpn_domains
nftset=/.condos/4#inet#fw4#vpn_domains
nftset=/.construction/4#inet#fw4#vpn_domains
nftset=/.consulting/4#inet#fw4#vpn_domains
nftset=/.contact/4#inet#fw4#vpn_domains
nftset=/.contractors/4#inet#fw4#vpn_domains
nftset=/.cooking/4#inet#fw4#vpn_domains
nftset=/.cool/4#inet#fw4#vpn_domains
nftset=/.coop/4#inet#fw4#vpn_domains
nftset=/.corsica/4#inet#fw4#vpn_domains
nftset=/.country/4#inet#fw4#vpn_domains
nftset=/.coupon/4#inet#fw4#vpn_domains
nftset=/.coupons/4#inet#fw4#vpn_domains
nftset=/.courses/4#inet#fw4#vpn_domains
nftset=/.cpa/4#inet#fw4#vpn_domains
nftset=/.cr/4#inet#fw4#vpn_domains
nftset=/.credit/4#inet#fw4#vpn_domains
nftset=/.creditcard/4#inet#fw4#vpn_domains
nftset=/.creditunion/4#inet#fw4#vpn_domains
nftset=/.cricket/4#inet#fw4#vpn_domains
nftset=/.crown/4#inet#fw4#vpn_domains
nftset=/.crs/4#inet#fw4#vpn_domains
nftset=/.cruise/4#inet#fw4#vpn_domains
nftset=/.cruises/4#inet#fw4#vpn_domains
nftset=/.cu/4#inet#fw4#vpn_domains
nftset=/.cuisinella/4#inet#fw4#vpn_domains
nftset=/.cv/4#inet#fw4#vpn_domains
nftset=/.cw/4#inet#fw4#vpn_domains
nftset=/.cx/4#inet#fw4#vpn_domains
nftset=/.cy/4#inet#fw4#vpn_domains
nftset=/.cymru/4#inet#fw4#vpn_domains
nftset=/.cyou/4#inet#fw4#vpn_domains
nftset=/.cz/4#inet#fw4#vpn_domains
nftset=/.dad/4#inet#fw4#vpn_domains
nftset=/.dance/4#inet#fw4#vpn_domains
nftset=/.data/4#inet#fw4#vpn_domains
nftset=/.date/4#inet#fw4#vpn_domains
nftset=/.dating/4#inet#fw4#vpn_domains
nftset=/.datsun/4#inet#fw4#vpn_domains
nftset=/.day/4#inet#fw4#vpn_domains
nftset=/.dclk/4#inet#fw4#vpn_domains
nftset=/.dds/4#inet#fw4#vpn_domains
nftset=/.de/4#inet#fw4#vpn_domains
nftset=/.deal/4#inet#fw4#vpn_domains
nftset=/.dealer/4#inet#fw4#vpn_domains
nftset=/.deals/4#inet#fw4#vpn_domains
nftset=/.degree/4#inet#fw4#vpn_domains
nftset=/.delivery/4#inet#fw4#vpn_domains
nftset=/.dell/4#inet#fw4#vpn_domains
nftset=/.deloitte/4#inet#fw4#vpn_domains
nftset=/.delta/4#inet#fw4#vpn_domains
nftset=/.democrat/4#inet#fw4#vpn_domains
nftset=/.dental/4#inet#fw4#vpn_domains
nftset=/.dentist/4#inet#fw4#vpn_domains
nftset=/.desi/4#inet#fw4#vpn_domains
nftset=/.design/4#inet#fw4#vpn_domains
nftset=/.dev/4#inet#fw4#vpn_domains
nftset=/.dhl/4#inet#fw4#vpn_domains
nftset=/.diamonds/4#inet#fw4#vpn_domains
nftset=/.diet/4#inet#fw4#vpn_domains
nftset=/.digital/4#inet#fw4#vpn_domains
nftset=/.direct/4#inet#fw4#vpn_domains
nftset=/.directory/4#inet#fw4#vpn_domains
nftset=/.discount/4#inet#fw4#vpn_domains
nftset=/.discover/4#inet#fw4#vpn_domains
nftset=/.dish/4#inet#fw4#vpn_domains
nftset=/.diy/4#inet#fw4#vpn_domains
nftset=/.dj/4#inet#fw4#vpn_domains
nftset=/.dk/4#inet#fw4#vpn_domains
nftset=/.dm/4#inet#fw4#vpn_domains
nftset=/.dnp/4#inet#fw4#vpn_domains
nftset=/.do/4#inet#fw4#vpn_domains
nftset=/.docs/4#inet#fw4#vpn_domains
nftset=/.doctor/4#inet#fw4#vpn_domains
nftset=/.dog/4#inet#fw4#vpn_domains
nftset=/.domains/4#inet#fw4#vpn_domains
nftset=/.dot/4#inet#fw4#vpn_domains
nftset=/.download/4#inet#fw4#vpn_domains
nftset=/.drive/4#inet#fw4#vpn_domains
nftset=/.dtv/4#inet#fw4#vpn_domains
nftset=/.dubai/4#inet#fw4#vpn_domains
nftset=/.dupont/4#inet#fw4#vpn_domains
nftset=/.durban/4#inet#fw4#vpn_domains
nftset=/.dvag/4#inet#fw4#vpn_domains
nftset=/.dvr/4#inet#fw4#vpn_domains
nftset=/.dz/4#inet#fw4#vpn_domains
nftset=/.earth/4#inet#fw4#vpn_domains
nftset=/.eat/4#inet#fw4#vpn_domains
nftset=/.ec/4#inet#fw4#vpn_domains
nftset=/.eco/4#inet#fw4#vpn_domains
nftset=/.edeka/4#inet#fw4#vpn_domains
nftset=/.edu/4#inet#fw4#vpn_domains
nftset=/.education/4#inet#fw4#vpn_domains
nftset=/.ee/4#inet#fw4#vpn_domains
nftset=/.eg/4#inet#fw4#vpn_domains
nftset=/.email/4#inet#fw4#vpn_domains
nftset=/.emerck/4#inet#fw4#vpn_domains
nftset=/.energy/4#inet#fw4#vpn_domains
nftset=/.engineer/4#inet#fw4#vpn_domains
nftset=/.engineering/4#inet#fw4#vpn_domains
nftset=/.enterprises/4#inet#fw4#vpn_domains
nftset=/.epson/4#inet#fw4#vpn_domains
nftset=/.equipment/4#inet#fw4#vpn_domains
nftset=/.er/4#inet#fw4#vpn_domains
nftset=/.ericsson/4#inet#fw4#vpn_domains
nftset=/.erni/4#inet#fw4#vpn_domains
nftset=/.es/4#inet#fw4#vpn_domains
nftset=/.esq/4#inet#fw4#vpn_domains
nftset=/.estate/4#inet#fw4#vpn_domains
nftset=/.et/4#inet#fw4#vpn_domains
nftset=/.eu/4#inet#fw4#vpn_domains
nftset=/.eurovision/4#inet#fw4#vpn_domains
nftset=/.eus/4#inet#fw4#vpn_domains
nftset=/.events/4#inet#fw4#vpn_domains
nftset=/.exchange/4#inet#fw4#vpn_domains
nftset=/.expert/4#inet#fw4#vpn_domains
nftset=/.exposed/4#inet#fw4#vpn_domains
nftset=/.express/4#inet#fw4#vpn_domains
nftset=/.extraspace/4#inet#fw4#vpn_domains
nftset=/.fage/4#inet#fw4#vpn_domains
nftset=/.fail/4#inet#fw4#vpn_domains
nftset=/.fairwinds/4#inet#fw4#vpn_domains
nftset=/.faith/4#inet#fw4#vpn_domains
nftset=/.family/4#inet#fw4#vpn_domains
nftset=/.fan/4#inet#fw4#vpn_domains
nftset=/.fans/4#inet#fw4#vpn_domains
nftset=/.farm/4#inet#fw4#vpn_domains
nftset=/.farmers/4#inet#fw4#vpn_domains
nftset=/.fashion/4#inet#fw4#vpn_domains
nftset=/.fast/4#inet#fw4#vpn_domains
nftset=/.fedex/4#inet#fw4#vpn_domains
nftset=/.feedback/4#inet#fw4#vpn_domains
nftset=/.ferrari/4#inet#fw4#vpn_domains
nftset=/.ferrero/4#inet#fw4#vpn_domains
nftset=/.fi/4#inet#fw4#vpn_domains
nftset=/.fidelity/4#inet#fw4#vpn_domains
nftset=/.fido/4#inet#fw4#vpn_domains
nftset=/.film/4#inet#fw4#vpn_domains
nftset=/.final/4#inet#fw4#vpn_domains
nftset=/.finance/4#inet#fw4#vpn_domains
nftset=/.financial/4#inet#fw4#vpn_domains
nftset=/.fire/4#inet#fw4#vpn_domains
nftset=/.firestone/4#inet#fw4#vpn_domains
nftset=/.firmdale/4#inet#fw4#vpn_domains
nftset=/.fish/4#inet#fw4#vpn_domains
nftset=/.fishing/4#inet#fw4#vpn_domains
nftset=/.fit/4#inet#fw4#vpn_domains
nftset=/.fitness/4#inet#fw4#vpn_domains
nftset=/.fj/4#inet#fw4#vpn_domains
nftset=/.fk/4#inet#fw4#vpn_domains
nftset=/.flickr/4#inet#fw4#vpn_domains
nftset=/.flights/4#inet#fw4#vpn_domains
nftset=/.flir/4#inet#fw4#vpn_domains
nftset=/.florist/4#inet#fw4#vpn_domains
nftset=/.flowers/4#inet#fw4#vpn_domains
nftset=/.fly/4#inet#fw4#vpn_domains
nftset=/.fm/4#inet#fw4#vpn_domains
nftset=/.fo/4#inet#fw4#vpn_domains
nftset=/.foo/4#inet#fw4#vpn_domains
nftset=/.food/4#inet#fw4#vpn_domains
nftset=/.football/4#inet#fw4#vpn_domains
nftset=/.ford/4#inet#fw4#vpn_domains
nftset=/.forex/4#inet#fw4#vpn_domains
nftset=/.forsale/4#inet#fw4#vpn_domains
nftset=/.forum/4#inet#fw4#vpn_domains
nftset=/.foundation/4#inet#fw4#vpn_domains
nftset=/.fox/4#inet#fw4#vpn_domains
nftset=/.fr/4#inet#fw4#vpn_domains
nftset=/.free/4#inet#fw4#vpn_domains
nftset=/.fresenius/4#inet#fw4#vpn_domains
nftset=/.frl/4#inet#fw4#vpn_domains
nftset=/.frogans/4#inet#fw4#vpn_domains
nftset=/.frontier/4#inet#fw4#vpn_domains
nftset=/.ftr/4#inet#fw4#vpn_domains
nftset=/.fujitsu/4#inet#fw4#vpn_domains
nftset=/.fun/4#inet#fw4#vpn_domains
nftset=/.fund/4#inet#fw4#vpn_domains
nftset=/.furniture/4#inet#fw4#vpn_domains
nftset=/.futbol/4#inet#fw4#vpn_domains
nftset=/.fyi/4#inet#fw4#vpn_domains
nftset=/.ga/4#inet#fw4#vpn_domains
nftset=/.gal/4#inet#fw4#vpn_domains
nftset=/.gallery/4#inet#fw4#vpn_domains
nftset=/.gallo/4#inet#fw4#vpn_domains
nftset=/.gallup/4#inet#fw4#vpn_domains
nftset=/.game/4#inet#fw4#vpn_domains
nftset=/.games/4#inet#fw4#vpn_domains
nftset=/.gap/4#inet#fw4#vpn_domains
nftset=/.garden/4#inet#fw4#vpn_domains
nftset=/.gay/4#inet#fw4#vpn_domains
nftset=/.gb/4#inet#fw4#vpn_domains
nftset=/.gbiz/4#inet#fw4#vpn_domains
nftset=/.gd/4#inet#fw4#vpn_domains
nftset=/.gdn/4#inet#fw4#vpn_domains
nftset=/.ge/4#inet#fw4#vpn_domains
nftset=/.gea/4#inet#fw4#vpn_domains
nftset=/.gent/4#inet#fw4#vpn_domains
nftset=/.genting/4#inet#fw4#vpn_domains
nftset=/.george/4#inet#fw4#vpn_domains
nftset=/.gf/4#inet#fw4#vpn_domains
nftset=/.gg/4#inet#fw4#vpn_domains
nftset=/.ggee/4#inet#fw4#vpn_domains
nftset=/.gh/4#inet#fw4#vpn_domains
nftset=/.gi/4#inet#fw4#vpn_domains
nftset=/.gift/4#inet#fw4#vpn_domains
nftset=/.gifts/4#inet#fw4#vpn_domains
nftset=/.gives/4#inet#fw4#vpn_domains
nftset=/.giving/4#inet#fw4#vpn_domains
nftset=/.gl/4#inet#fw4#vpn_domains
nftset=/.glass/4#inet#fw4#vpn_domains
nftset=/.gle/4#inet#fw4#vpn_domains
nftset=/.global/4#inet#fw4#vpn_domains
nftset=/.globo/4#inet#fw4#vpn_domains
nftset=/.gm/4#inet#fw4#vpn_domains
nftset=/.gmail/4#inet#fw4#vpn_domains
nftset=/.gmbh/4#inet#fw4#vpn_domains
nftset=/.gmo/4#inet#fw4#vpn_domains
nftset=/.gmx/4#inet#fw4#vpn_domains
nftset=/.gn/4#inet#fw4#vpn_domains
nftset=/.godaddy/4#inet#fw4#vpn_domains
nftset=/.gold/4#inet#fw4#vpn_domains
nftset=/.goldpoint/4#inet#fw4#vpn_domains
nftset=/.golf/4#inet#fw4#vpn_domains
nftset=/.goodyear/4#inet#fw4#vpn_domains
nftset=/.goog/4#inet#fw4#vpn_domains
nftset=/.google/4#inet#fw4#vpn_domains
nftset=/.gop/4#inet#fw4#vpn_domains
nftset=/.got/4#inet#fw4#vpn_domains
nftset=/.gov/4#inet#fw4#vpn_domains
nftset=/.gp/4#inet#fw4#vpn_domains
nftset=/.gq/4#inet#fw4#vpn_domains
nftset=/.gr/4#inet#fw4#vpn_domains
nftset=/.grainger/4#inet#fw4#vpn_domains
nftset=/.gram/4#inet#fw4#vpn_domains
nftset=/.graphics/4#inet#fw4#vpn_domains
nftset=/.gratis/4#inet#fw4#vpn_domains
nftset=/.green/4#inet#fw4#vpn_domains
nftset=/.gripe/4#inet#fw4#vpn_domains
nftset=/.grocery/4#inet#fw4#vpn_domains
nftset=/.group/4#inet#fw4#vpn_domains
nftset=/.gs/4#inet#fw4#vpn_domains
nftset=/.gt/4#inet#fw4#vpn_domains
nftset=/.gu/4#inet#fw4#vpn_domains
nftset=/.gucci/4#inet#fw4#vpn_domains
nftset=/.guge/4#inet#fw4#vpn_domains
nftset=/.guide/4#inet#fw4#vpn_domains
nftset=/.guitars/4#inet#fw4#vpn_domains
nftset=/.guru/4#inet#fw4#vpn_domains
nftset=/.gw/4#inet#fw4#vpn_domains
nftset=/.gy/4#inet#fw4#vpn_domains
nftset=/.hair/4#inet#fw4#vpn_domains
nftset=/.hamburg/4#inet#fw4#vpn_domains
nftset=/.hangout/4#inet#fw4#vpn_domains
nftset=/.haus/4#inet#fw4#vpn_domains
nftset=/.hbo/4#inet#fw4#vpn_domains
nftset=/.hdfc/4#inet#fw4#vpn_domains
nftset=/.hdfcbank/4#inet#fw4#vpn_domains
nftset=/.health/4#inet#fw4#vpn_domains
nftset=/.healthcare/4#inet#fw4#vpn_domains
nftset=/.help/4#inet#fw4#vpn_domains
nftset=/.helsinki/4#inet#fw4#vpn_domains
nftset=/.here/4#inet#fw4#vpn_domains
nftset=/.hermes/4#inet#fw4#vpn_domains
nftset=/.hiphop/4#inet#fw4#vpn_domains
nftset=/.hisamitsu/4#inet#fw4#vpn_domains
nftset=/.hitachi/4#inet#fw4#vpn_domains
nftset=/.hiv/4#inet#fw4#vpn_domains
nftset=/.hk/4#inet#fw4#vpn_domains
nftset=/.hkt/4#inet#fw4#vpn_domains
nftset=/.hm/4#inet#fw4#vpn_domains
nftset=/.hn/4#inet#fw4#vpn_domains
nftset=/.hockey/4#inet#fw4#vpn_domains
nftset=/.holdings/4#inet#fw4#vpn_domains
nftset=/.holiday/4#inet#fw4#vpn_domains
nftset=/.homedepot/4#inet#fw4#vpn_domains
nftset=/.homegoods/4#inet#fw4#vpn_domains
nftset=/.homes/4#inet#fw4#vpn_domains
nftset=/.homesense/4#inet#fw4#vpn_domains
nftset=/.honda/4#inet#fw4#vpn_domains
nftset=/.horse/4#inet#fw4#vpn_domains
nftset=/.hospital/4#inet#fw4#vpn_domains
nftset=/.host/4#inet#fw4#vpn_domains
nftset=/.hosting/4#inet#fw4#vpn_domains
nftset=/.hot/4#inet#fw4#vpn_domains
nftset=/.hotels/4#inet#fw4#vpn_domains
nftset=/.hotmail/4#inet#fw4#vpn_domains
nftset=/.house/4#inet#fw4#vpn_domains
nftset=/.how/4#inet#fw4#vpn_domains
nftset=/.hr/4#inet#fw4#vpn_domains
nftset=/.hsbc/4#inet#fw4#vpn_domains
nftset=/.ht/4#inet#fw4#vpn_domains
nftset=/.hu/4#inet#fw4#vpn_domains
nftset=/.hughes/4#inet#fw4#vpn_domains
nftset=/.hyatt/4#inet#fw4#vpn_domains
nftset=/.hyundai/4#inet#fw4#vpn_domains
nftset=/.ibm/4#inet#fw4#vpn_domains
nftset=/.icbc/4#inet#fw4#vpn_domains
nftset=/.ice/4#inet#fw4#vpn_domains
nftset=/.icu/4#inet#fw4#vpn_domains
nftset=/.id/4#inet#fw4#vpn_domains
nftset=/.ie/4#inet#fw4#vpn_domains
nftset=/.ieee/4#inet#fw4#vpn_domains
nftset=/.ifm/4#inet#fw4#vpn_domains
nftset=/.ikano/4#inet#fw4#vpn_domains
nftset=/.il/4#inet#fw4#vpn_domains
nftset=/.im/4#inet#fw4#vpn_domains
nftset=/.imamat/4#inet#fw4#vpn_domains
nftset=/.imdb/4#inet#fw4#vpn_domains
nftset=/.immo/4#inet#fw4#vpn_domains
nftset=/.immobilien/4#inet#fw4#vpn_domains
nftset=/.in/4#inet#fw4#vpn_domains
nftset=/.inc/4#inet#fw4#vpn_domains
nftset=/.industries/4#inet#fw4#vpn_domains
nftset=/.infiniti/4#inet#fw4#vpn_domains
nftset=/.info/4#inet#fw4#vpn_domains
nftset=/.ing/4#inet#fw4#vpn_domains
nftset=/.ink/4#inet#fw4#vpn_domains
nftset=/.institute/4#inet#fw4#vpn_domains
nftset=/.insurance/4#inet#fw4#vpn_domains
nftset=/.insure/4#inet#fw4#vpn_domains
nftset=/.int/4#inet#fw4#vpn_domains
nftset=/.international/4#inet#fw4#vpn_domains
nftset=/.intuit/4#inet#fw4#vpn_domains
nftset=/.investments/4#inet#fw4#vpn_domains
nftset=/.io/4#inet#fw4#vpn_domains
nftset=/.ipiranga/4#inet#fw4#vpn_domains
nftset=/.iq/4#inet#fw4#vpn_domains
nftset=/.ir/4#inet#fw4#vpn_domains
nftset=/.irish/4#inet#fw4#vpn_domains
nftset=/.is/4#inet#fw4#vpn_domains
nftset=/.ismaili/4#inet#fw4#vpn_domains
nftset=/.ist/4#inet#fw4#vpn_domains
nftset=/.istanbul/4#inet#fw4#vpn_domains
nftset=/.it/4#inet#fw4#vpn_domains
nftset=/.itau/4#inet#fw4#vpn_domains
nftset=/.itv/4#inet#fw4#vpn_domains
nftset=/.jaguar/4#inet#fw4#vpn_domains
nftset=/.java/4#inet#fw4#vpn_domains
nftset=/.jcb/4#inet#fw4#vpn_domains
nftset=/.je/4#inet#fw4#vpn_domains
nftset=/.jeep/4#inet#fw4#vpn_domains
nftset=/.jetzt/4#inet#fw4#vpn_domains
nftset=/.jewelry/4#inet#fw4#vpn_domains
nftset=/.jio/4#inet#fw4#vpn_domains
nftset=/.jll/4#inet#fw4#vpn_domains
nftset=/.jm/4#inet#fw4#vpn_domains
nftset=/.jmp/4#inet#fw4#vpn_domains
nftset=/.jnj/4#inet#fw4#vpn_domains
nftset=/.jo/4#inet#fw4#vpn_domains
nftset=/.jobs/4#inet#fw4#vpn_domains
nftset=/.joburg/4#inet#fw4#vpn_domains
nftset=/.jot/4#inet#fw4#vpn_domains
nftset=/.joy/4#inet#fw4#vpn_domains
nftset=/.jp/4#inet#fw4#vpn_domains
nftset=/.jpmorgan/4#inet#fw4#vpn_domains
nftset=/.jprs/4#inet#fw4#vpn_domains
nftset=/.juegos/4#inet#fw4#vpn_domains
nftset=/.juniper/4#inet#fw4#vpn_domains
nftset=/.kaufen/4#inet#fw4#vpn_domains
nftset=/.kddi/4#inet#fw4#vpn_domains
nftset=/.ke/4#inet#fw4#vpn_domains
nftset=/.kerryhotels/4#inet#fw4#vpn_domains
nftset=/.kerryproperties/4#inet#fw4#vpn_domains
nftset=/.kfh/4#inet#fw4#vpn_domains
nftset=/.kg/4#inet#fw4#vpn_domains
nftset=/.kh/4#inet#fw4#vpn_domains
nftset=/.ki/4#inet#fw4#vpn_domains
nftset=/.kia/4#inet#fw4#vpn_domains
nftset=/.kids/4#inet#fw4#vpn_domains
nftset=/.kim/4#inet#fw4#vpn_domains
nftset=/.kindle/4#inet#fw4#vpn_domains
nftset=/.kitchen/4#inet#fw4#vpn_domains
nftset=/.kiwi/4#inet#fw4#vpn_domains
nftset=/.km/4#inet#fw4#vpn_domains
nftset=/.kn/4#inet#fw4#vpn_domains
nftset=/.koeln/4#inet#fw4#vpn_domains
nftset=/.komatsu/4#inet#fw4#vpn_domains
nftset=/.kosher/4#inet#fw4#vpn_domains
nftset=/.kp/4#inet#fw4#vpn_domains
nftset=/.kpmg/4#inet#fw4#vpn_domains
nftset=/.kpn/4#inet#fw4#vpn_domains
nftset=/.kr/4#inet#fw4#vpn_domains
nftset=/.krd/4#inet#fw4#vpn_domains
nftset=/.kred/4#inet#fw4#vpn_domains
nftset=/.kuokgroup/4#inet#fw4#vpn_domains
nftset=/.kw/4#inet#fw4#vpn_domains
nftset=/.ky/4#inet#fw4#vpn_domains
nftset=/.kyoto/4#inet#fw4#vpn_domains
nftset=/.kz/4#inet#fw4#vpn_domains
nftset=/.la/4#inet#fw4#vpn_domains
nftset=/.lacaixa/4#inet#fw4#vpn_domains
nftset=/.lamborghini/4#inet#fw4#vpn_domains
nftset=/.lamer/4#inet#fw4#vpn_domains
nftset=/.land/4#inet#fw4#vpn_domains
nftset=/.landrover/4#inet#fw4#vpn_domains
nftset=/.lanxess/4#inet#fw4#vpn_domains
nftset=/.lasalle/4#inet#fw4#vpn_domains
nftset=/.lat/4#inet#fw4#vpn_domains
nftset=/.latino/4#inet#fw4#vpn_domains
nftset=/.latrobe/4#inet#fw4#vpn_domains
nftset=/.law/4#inet#fw4#vpn_domains
nftset=/.lawyer/4#inet#fw4#vpn_domains
nftset=/.lb/4#inet#fw4#vpn_domains
nftset=/.lc/4#inet#fw4#vpn_domains
nftset=/.lds/4#inet#fw4#vpn_domains
nftset=/.lease/4#inet#fw4#vpn_domains
nftset=/.leclerc/4#inet#fw4#vpn_domains
nftset=/.lefrak/4#inet#fw4#vpn_domains
nftset=/.legal/4#inet#fw4#vpn_domains
nftset=/.lego/4#inet#fw4#vpn_domains
nftset=/.lexus/4#inet#fw4#vpn_domains
nftset=/.lgbt/4#inet#fw4#vpn_domains
nftset=/.li/4#inet#fw4#vpn_domains
nftset=/.lidl/4#inet#fw4#vpn_domains
nftset=/.life/4#inet#fw4#vpn_domains
nftset=/.lifeinsurance/4#inet#fw4#vpn_domains
nftset=/.lifestyle/4#inet#fw4#vpn_domains
nftset=/.lighting/4#inet#fw4#vpn_domains
nftset=/.like/4#inet#fw4#vpn_domains
nftset=/.lilly/4#inet#fw4#vpn_domains
nftset=/.limited/4#inet#fw4#vpn_domains
nftset=/.limo/4#inet#fw4#vpn_domains
nftset=/.lincoln/4#inet#fw4#vpn_domains
nftset=/.link/4#inet#fw4#vpn_domains
nftset=/.live/4#inet#fw4#vpn_domains
nftset=/.living/4#inet#fw4#vpn_domains
nftset=/.lk/4#inet#fw4#vpn_domains
nftset=/.llc/4#inet#fw4#vpn_domains
nftset=/.llp/4#inet#fw4#vpn_domains
nftset=/.loan/4#inet#fw4#vpn_domains
nftset=/.loans/4#inet#fw4#vpn_domains
nftset=/.locker/4#inet#fw4#vpn_domains
nftset=/.locus/4#inet#fw4#vpn_domains
nftset=/.lol/4#inet#fw4#vpn_domains
nftset=/.london/4#inet#fw4#vpn_domains
nftset=/.lotte/4#inet#fw4#vpn_domains
nftset=/.lotto/4#inet#fw4#vpn_domains
nftset=/.love/4#inet#fw4#vpn_domains
nftset=/.lpl/4#inet#fw4#vpn_domains
nftset=/.lplfinancial/4#inet#fw4#vpn_domains
nftset=/.lr/4#inet#fw4#vpn_domains
nftset=/.ls/4#inet#fw4#vpn_domains
nftset=/.lt/4#inet#fw4#vpn_domains
nftset=/.ltd/4#inet#fw4#vpn_domains
nftset=/.ltda/4#inet#fw4#vpn_domains
nftset=/.lu/4#inet#fw4#vpn_domains
nftset=/.lundbeck/4#inet#fw4#vpn_domains
nftset=/.luxe/4#inet#fw4#vpn_domains
nftset=/.luxury/4#inet#fw4#vpn_domains
nftset=/.lv/4#inet#fw4#vpn_domains
nftset=/.ly/4#inet#fw4#vpn_domains
nftset=/.ma/4#inet#fw4#vpn_domains
nftset=/.madrid/4#inet#fw4#vpn_domains
nftset=/.maif/4#inet#fw4#vpn_domains
nftset=/.maison/4#inet#fw4#vpn_domains
nftset=/.makeup/4#inet#fw4#vpn_domains
nftset=/.man/4#inet#fw4#vpn_domains
nftset=/.management/4#inet#fw4#vpn_domains
nftset=/.mango/4#inet#fw4#vpn_domains
nftset=/.map/4#inet#fw4#vpn_domains
nftset=/.market/4#inet#fw4#vpn_domains
nftset=/.marketing/4#inet#fw4#vpn_domains
nftset=/.markets/4#inet#fw4#vpn_domains
nftset=/.marriott/4#inet#fw4#vpn_domains
nftset=/.marshalls/4#inet#fw4#vpn_domains
nftset=/.mattel/4#inet#fw4#vpn_domains
nftset=/.mba/4#inet#fw4#vpn_domains
nftset=/.mc/4#inet#fw4#vpn_domains
nftset=/.mckinsey/4#inet#fw4#vpn_domains
nftset=/.md/4#inet#fw4#vpn_domains
nftset=/.me/4#inet#fw4#vpn_domains
nftset=/.med/4#inet#fw4#vpn_domains
nftset=/.media/4#inet#fw4#vpn_domains
nftset=/.meet/4#inet#fw4#vpn_domains
nftset=/.melbourne/4#inet#fw4#vpn_domains
nftset=/.meme/4#inet#fw4#vpn_domains
nftset=/.memorial/4#inet#fw4#vpn_domains
nftset=/.men/4#inet#fw4#vpn_domains
nftset=/.menu/4#inet#fw4#vpn_domains
nftset=/.merck/4#inet#fw4#vpn_domains
nftset=/.merckmsd/4#inet#fw4#vpn_domains
nftset=/.mg/4#inet#fw4#vpn_domains
nftset=/.mh/4#inet#fw4#vpn_domains
nftset=/.miami/4#inet#fw4#vpn_domains
nftset=/.microsoft/4#inet#fw4#vpn_domains
nftset=/.mil/4#inet#fw4#vpn_domains
nftset=/.mini/4#inet#fw4#vpn_domains
nftset=/.mint/4#inet#fw4#vpn_domains
nftset=/.mit/4#inet#fw4#vpn_domains
nftset=/.mitsubishi/4#inet#fw4#vpn_domains
nftset=/.mk/4#inet#fw4#vpn_domains
nftset=/.ml/4#inet#fw4#vpn_domains
nftset=/.mlb/4#inet#fw4#vpn_domains
nftset=/.mls/4#inet#fw4#vpn_domains
nftset=/.mm/4#inet#fw4#vpn_domains
nftset=/.mma/4#inet#fw4#vpn_domains
nftset=/.mn/4#inet#fw4#vpn_domains
nftset=/.mo/4#inet#fw4#vpn_domains
nftset=/.mobi/4#inet#fw4#vpn_domains
nftset=/.mobile/4#inet#fw4#vpn_domains
nftset=/.moda/4#inet#fw4#vpn_domains
nftset=/.moe/4#inet#fw4#vpn_domains
nftset=/.moi/4#inet#fw4#vpn_domains
nftset=/.mom/4#inet#fw4#vpn_domains
nftset=/.monash/4#inet#fw4#vpn_domains
nftset=/.money/4#inet#fw4#vpn_domains
nftset=/.monster/4#inet#fw4#vpn_domains
nftset=/.mormon/4#inet#fw4#vpn_domains
nftset=/.mortgage/4#inet#fw4#vpn_domains
nftset=/.moscow/4#inet#fw4#vpn_domains
nftset=/.moto/4#inet#fw4#vpn_domains
nftset=/.motorcycles/4#inet#fw4#vpn_domains
nftset=/.mov/4#inet#fw4#vpn_domains
nftset=/.movie/4#inet#fw4#vpn_domains
nftset=/.mp/4#inet#fw4#vpn_domains
nftset=/.mq/4#inet#fw4#vpn_domains
nftset=/.mr/4#inet#fw4#vpn_domains
nftset=/.ms/4#inet#fw4#vpn_domains
nftset=/.msd/4#inet#fw4#vpn_domains
nftset=/.mt/4#inet#fw4#vpn_domains
nftset=/.mtn/4#inet#fw4#vpn_domains
nftset=/.mtr/4#inet#fw4#vpn_domains
nftset=/.mu/4#inet#fw4#vpn_domains
nftset=/.museum/4#inet#fw4#vpn_domains
nftset=/.music/4#inet#fw4#vpn_domains
nftset=/.mv/4#inet#fw4#vpn_domains
nftset=/.mw/4#inet#fw4#vpn_domains
nftset=/.mx/4#inet#fw4#vpn_domains
nftset=/.my/4#inet#fw4#vpn_domains
nftset=/.mz/4#inet#fw4#vpn_domains
nftset=/.na/4#inet#fw4#vpn_domains
nftset=/.nab/4#inet#fw4#vpn_domains
nftset=/.nagoya/4#inet#fw4#vpn_domains
nftset=/.name/4#inet#fw4#vpn_domains
nftset=/.navy/4#inet#fw4#vpn_domains
nftset=/.nba/4#inet#fw4#vpn_domains
nftset=/.nc/4#inet#fw4#vpn_domains
nftset=/.ne/4#inet#fw4#vpn_domains
nftset=/.nec/4#inet#fw4#vpn_domains
nftset=/.net/4#inet#fw4#vpn_domains
nftset=/.netbank/4#inet#fw4#vpn_domains
nftset=/.netflix/4#inet#fw4#vpn_domains
nftset=/.network/4#inet#fw4#vpn_domains
nftset=/.neustar/4#inet#fw4#vpn_domains
nftset=/.new/4#inet#fw4#vpn_domains
nftset=/.news/4#inet#fw4#vpn_domains
nftset=/.next/4#inet#fw4#vpn_domains
nftset=/.nextdirect/4#inet#fw4#vpn_domains
nftset=/.nexus/4#inet#fw4#vpn_domains
nftset=/.nf/4#inet#fw4#vpn_domains
nftset=/.nfl/4#inet#fw4#vpn_domains
nftset=/.ng/4#inet#fw4#vpn_domains
nftset=/.ngo/4#inet#fw4#vpn_domains
nftset=/.nhk/4#inet#fw4#vpn_domains
nftset=/.ni/4#inet#fw4#vpn_domains
nftset=/.nico/4#inet#fw4#vpn_domains
nftset=/.nike/4#inet#fw4#vpn_domains
nftset=/.nikon/4#inet#fw4#vpn_domains
nftset=/.ninja/4#inet#fw4#vpn_domains
nftset=/.nissan/4#inet#fw4#vpn_domains
nftset=/.nissay/4#inet#fw4#vpn_domains
nftset=/.nl/4#inet#fw4#vpn_domains
nftset=/.no/4#inet#fw4#vpn_domains
nftset=/.nokia/4#inet#fw4#vpn_domains
nftset=/.norton/4#inet#fw4#vpn_domains
nftset=/.now/4#inet#fw4#vpn_domains
nftset=/.nowruz/4#inet#fw4#vpn_domains
nftset=/.nowtv/4#inet#fw4#vpn_domains
nftset=/.np/4#inet#fw4#vpn_domains
nftset=/.nr/4#inet#fw4#vpn_domains
nftset=/.nra/4#inet#fw4#vpn_domains
nftset=/.nrw/4#inet#fw4#vpn_domains
nftset=/.ntt/4#inet#fw4#vpn_domains
nftset=/.nu/4#inet#fw4#vpn_domains
nftset=/.nyc/4#inet#fw4#vpn_domains
nftset=/.nz/4#inet#fw4#vpn_domains
nftset=/.obi/4#inet#fw4#vpn_domains
nftset=/.observer/4#inet#fw4#vpn_domains
nftset=/.office/4#inet#fw4#vpn_domains
nftset=/.okinawa/4#inet#fw4#vpn_domains
nftset=/.olayan/4#inet#fw4#vpn_domains
nftset=/.olayangroup/4#inet#fw4#vpn_domains
nftset=/.ollo/4#inet#fw4#vpn_domains
nftset=/.om/4#inet#fw4#vpn_domains
nftset=/.omega/4#inet#fw4#vpn_domains
nftset=/.one/4#inet#fw4#vpn_domains
nftset=/.ong/4#inet#fw4#vpn_domains
nftset=/.onl/4#inet#fw4#vpn_domains
nftset=/.online/4#inet#fw4#vpn_domains
nftset=/.ooo/4#inet#fw4#vpn_domains
nftset=/.open/4#inet#fw4#vpn_domains
nftset=/.oracle/4#inet#fw4#vpn_domains
nftset=/.orange/4#inet#fw4#vpn_domains
nftset=/.org/4#inet#fw4#vpn_domains
nftset=/.organic/4#inet#fw4#vpn_domains
nftset=/.origins/4#inet#fw4#vpn_domains
nftset=/.osaka/4#inet#fw4#vpn_domains
nftset=/.otsuka/4#inet#fw4#vpn_domains
nftset=/.ott/4#inet#fw4#vpn_domains
nftset=/.ovh/4#inet#fw4#vpn_domains
nftset=/.pa/4#inet#fw4#vpn_domains
nftset=/.page/4#inet#fw4#vpn_domains
nftset=/.panasonic/4#inet#fw4#vpn_domains
nftset=/.paris/4#inet#fw4#vpn_domains
nftset=/.pars/4#inet#fw4#vpn_domains
nftset=/.partners/4#inet#fw4#vpn_domains
nftset=/.parts/4#inet#fw4#vpn_domains
nftset=/.party/4#inet#fw4#vpn_domains
nftset=/.pay/4#inet#fw4#vpn_domains
nftset=/.pccw/4#inet#fw4#vpn_domains
nftset=/.pe/4#inet#fw4#vpn_domains
nftset=/.pet/4#inet#fw4#vpn_domains
nftset=/.pf/4#inet#fw4#vpn_domains
nftset=/.pfizer/4#inet#fw4#vpn_domains
nftset=/.pg/4#inet#fw4#vpn_domains
nftset=/.ph/4#inet#fw4#vpn_domains
nftset=/.pharmacy/4#inet#fw4#vpn_domains
nftset=/.phd/4#inet#fw4#vpn_domains
nftset=/.philips/4#inet#fw4#vpn_domains
nftset=/.phone/4#inet#fw4#vpn_domains
nftset=/.photo/4#inet#fw4#vpn_domains
nftset=/.photography/4#inet#fw4#vpn_domains
nftset=/.photos/4#inet#fw4#vpn_domains
nftset=/.physio/4#inet#fw4#vpn_domains
nftset=/.pics/4#inet#fw4#vpn_domains
nftset=/.pictet/4#inet#fw4#vpn_domains
nftset=/.pictures/4#inet#fw4#vpn_domains
nftset=/.pid/4#inet#fw4#vpn_domains
nftset=/.pin/4#inet#fw4#vpn_domains
nftset=/.ping/4#inet#fw4#vpn_domains
nftset=/.pink/4#inet#fw4#vpn_domains
nftset=/.pioneer/4#inet#fw4#vpn_domains
nftset=/.pizza/4#inet#fw4#vpn_domains
nftset=/.pk/4#inet#fw4#vpn_domains
nftset=/.pl/4#inet#fw4#vpn_domains
nftset=/.place/4#inet#fw4#vpn_domains
nftset=/.play/4#inet#fw4#vpn_domains
nftset=/.playstation/4#inet#fw4#vpn_domains
nftset=/.plumbing/4#inet#fw4#vpn_domains
nftset=/.plus/4#inet#fw4#vpn_domains
nftset=/.pm/4#inet#fw4#vpn_domains
nftset=/.pn/4#inet#fw4#vpn_domains
nftset=/.pnc/4#inet#fw4#vpn_domains
nftset=/.pohl/4#inet#fw4#vpn_domains
nftset=/.poker/4#inet#fw4#vpn_domains
nftset=/.politie/4#inet#fw4#vpn_domains
nftset=/.porn/4#inet#fw4#vpn_domains
nftset=/.post/4#inet#fw4#vpn_domains
nftset=/.pr/4#inet#fw4#vpn_domains
nftset=/.praxi/4#inet#fw4#vpn_domains
nftset=/.press/4#inet#fw4#vpn_domains
nftset=/.prime/4#inet#fw4#vpn_domains
nftset=/.pro/4#inet#fw4#vpn_domains
nftset=/.prod/4#inet#fw4#vpn_domains
nftset=/.productions/4#inet#fw4#vpn_domains
nftset=/.prof/4#inet#fw4#vpn_domains
nftset=/.progressive/4#inet#fw4#vpn_domains
nftset=/.promo/4#inet#fw4#vpn_domains
nftset=/.properties/4#inet#fw4#vpn_domains
nftset=/.property/4#inet#fw4#vpn_domains
nftset=/.protection/4#inet#fw4#vpn_domains
nftset=/.pru/4#inet#fw4#vpn_domains
nftset=/.prudential/4#inet#fw4#vpn_domains
nftset=/.ps/4#inet#fw4#vpn_domains
nftset=/.pt/4#inet#fw4#vpn_domains
nftset=/.pub/4#inet#fw4#vpn_domains
nftset=/.pw/4#inet#fw4#vpn_domains
nftset=/.pwc/4#inet#fw4#vpn_domains
nftset=/.py/4#inet#fw4#vpn_domains
nftset=/.qa/4#inet#fw4#vpn_domains
nftset=/.qpon/4#inet#fw4#vpn_domains
nftset=/.quebec/4#inet#fw4#vpn_domains
nftset=/.quest/4#inet#fw4#vpn_domains
nftset=/.racing/4#inet#fw4#vpn_domains
nftset=/.radio/4#inet#fw4#vpn_domains
nftset=/.re/4#inet#fw4#vpn_domains
nftset=/.read/4#inet#fw4#vpn_domains
nftset=/.realestate/4#inet#fw4#vpn_domains
nftset=/.realtor/4#inet#fw4#vpn_domains
nftset=/.realty/4#inet#fw4#vpn_domains
nftset=/.recipes/4#inet#fw4#vpn_domains
nftset=/.red/4#inet#fw4#vpn_domains
nftset=/.redumbrella/4#inet#fw4#vpn_domains
nftset=/.rehab/4#inet#fw4#vpn_domains
nftset=/.reise/4#inet#fw4#vpn_domains
nftset=/.reisen/4#inet#fw4#vpn_domains
nftset=/.reit/4#inet#fw4#vpn_domains
nftset=/.reliance/4#inet#fw4#vpn_domains
nftset=/.ren/4#inet#fw4#vpn_domains
nftset=/.rent/4#inet#fw4#vpn_domains
nftset=/.rentals/4#inet#fw4#vpn_domains
nftset=/.repair/4#inet#fw4#vpn_domains
nftset=/.report/4#inet#fw4#vpn_domains
nftset=/.republican/4#inet#fw4#vpn_domains
nftset=/.rest/4#inet#fw4#vpn_domains
nftset=/.restaurant/4#inet#fw4#vpn_domains
nftset=/.review/4#inet#fw4#vpn_domains
nftset=/.reviews/4#inet#fw4#vpn_domains
nftset=/.rexroth/4#inet#fw4#vpn_domains
nftset=/.rich/4#inet#fw4#vpn_domains
nftset=/.richardli/4#inet#fw4#vpn_domains
nftset=/.ricoh/4#inet#fw4#vpn_domains
nftset=/.ril/4#inet#fw4#vpn_domains
nftset=/.rio/4#inet#fw4#vpn_domains
nftset=/.rip/4#inet#fw4#vpn_domains
nftset=/.ro/4#inet#fw4#vpn_domains
nftset=/.rocks/4#inet#fw4#vpn_domains
nftset=/.rodeo/4#inet#fw4#vpn_domains
nftset=/.rogers/4#inet#fw4#vpn_domains
nftset=/.room/4#inet#fw4#vpn_domains
nftset=/.rs/4#inet#fw4#vpn_domains
nftset=/.rsvp/4#inet#fw4#vpn_domains
nftset=/.rugby/4#inet#fw4#vpn_domains
nftset=/.ruhr/4#inet#fw4#vpn_domains
nftset=/.run/4#inet#fw4#vpn_domains
nftset=/.rw/4#inet#fw4#vpn_domains
nftset=/.rwe/4#inet#fw4#vpn_domains
nftset=/.ryukyu/4#inet#fw4#vpn_domains
nftset=/.sa/4#inet#fw4#vpn_domains
nftset=/.saarland/4#inet#fw4#vpn_domains
nftset=/.safe/4#inet#fw4#vpn_domains
nftset=/.safety/4#inet#fw4#vpn_domains
nftset=/.sakura/4#inet#fw4#vpn_domains
nftset=/.sale/4#inet#fw4#vpn_domains
nftset=/.salon/4#inet#fw4#vpn_domains
nftset=/.samsclub/4#inet#fw4#vpn_domains
nftset=/.samsung/4#inet#fw4#vpn_domains
nftset=/.sandvik/4#inet#fw4#vpn_domains
nftset=/.sandvikcoromant/4#inet#fw4#vpn_domains
nftset=/.sanofi/4#inet#fw4#vpn_domains
nftset=/.sap/4#inet#fw4#vpn_domains
nftset=/.sarl/4#inet#fw4#vpn_domains
nftset=/.sas/4#inet#fw4#vpn_domains
nftset=/.save/4#inet#fw4#vpn_domains
nftset=/.saxo/4#inet#fw4#vpn_domains
nftset=/.sb/4#inet#fw4#vpn_domains
nftset=/.sbi/4#inet#fw4#vpn_domains
nftset=/.sbs/4#inet#fw4#vpn_domains
nftset=/.sc/4#inet#fw4#vpn_domains
nftset=/.scb/4#inet#fw4#vpn_domains
nftset=/.schaeffler/4#inet#fw4#vpn_domains
nftset=/.schmidt/4#inet#fw4#vpn_domains
nftset=/.scholarships/4#inet#fw4#vpn_domains
nftset=/.school/4#inet#fw4#vpn_domains
nftset=/.schule/4#inet#fw4#vpn_domains
nftset=/.schwarz/4#inet#fw4#vpn_domains
nftset=/.science/4#inet#fw4#vpn_domains
nftset=/.scot/4#inet#fw4#vpn_domains
nftset=/.sd/4#inet#fw4#vpn_domains
nftset=/.se/4#inet#fw4#vpn_domains
nftset=/.search/4#inet#fw4#vpn_domains
nftset=/.seat/4#inet#fw4#vpn_domains
nftset=/.secure/4#inet#fw4#vpn_domains
nftset=/.security/4#inet#fw4#vpn_domains
nftset=/.seek/4#inet#fw4#vpn_domains
nftset=/.select/4#inet#fw4#vpn_domains
nftset=/.sener/4#inet#fw4#vpn_domains
nftset=/.services/4#inet#fw4#vpn_domains
nftset=/.seven/4#inet#fw4#vpn_domains
nftset=/.sew/4#inet#fw4#vpn_domains
nftset=/.sex/4#inet#fw4#vpn_domains
nftset=/.sexy/4#inet#fw4#vpn_domains
nftset=/.sfr/4#inet#fw4#vpn_domains
nftset=/.sg/4#inet#fw4#vpn_domains
nftset=/.sh/4#inet#fw4#vpn_domains
nftset=/.shangrila/4#inet#fw4#vpn_domains
nftset=/.sharp/4#inet#fw4#vpn_domains
nftset=/.shell/4#inet#fw4#vpn_domains
nftset=/.shia/4#inet#fw4#vpn_domains
nftset=/.shiksha/4#inet#fw4#vpn_domains
nftset=/.shoes/4#inet#fw4#vpn_domains
nftset=/.shop/4#inet#fw4#vpn_domains
nftset=/.shopping/4#inet#fw4#vpn_domains
nftset=/.shouji/4#inet#fw4#vpn_domains
nftset=/.show/4#inet#fw4#vpn_domains
nftset=/.si/4#inet#fw4#vpn_domains
nftset=/.silk/4#inet#fw4#vpn_domains
nftset=/.sina/4#inet#fw4#vpn_domains
nftset=/.singles/4#inet#fw4#vpn_domains
nftset=/.site/4#inet#fw4#vpn_domains
nftset=/.sj/4#inet#fw4#vpn_domains
nftset=/.sk/4#inet#fw4#vpn_domains
nftset=/.ski/4#inet#fw4#vpn_domains
nftset=/.skin/4#inet#fw4#vpn_domains
nftset=/.sky/4#inet#fw4#vpn_domains
nftset=/.skype/4#inet#fw4#vpn_domains
nftset=/.sl/4#inet#fw4#vpn_domains
nftset=/.sling/4#inet#fw4#vpn_domains
nftset=/.sm/4#inet#fw4#vpn_domains
nftset=/.smart/4#inet#fw4#vpn_domains
nftset=/.smile/4#inet#fw4#vpn_domains
nftset=/.sn/4#inet#fw4#vpn_domains
nftset=/.sncf/4#inet#fw4#vpn_domains
nftset=/.so/4#inet#fw4#vpn_domains
nftset=/.soccer/4#inet#fw4#vpn_domains
nftset=/.social/4#inet#fw4#vpn_domains
nftset=/.softbank/4#inet#fw4#vpn_domains
nftset=/.software/4#inet#fw4#vpn_domains
nftset=/.sohu/4#inet#fw4#vpn_domains
nftset=/.solar/4#inet#fw4#vpn_domains
nftset=/.solutions/4#inet#fw4#vpn_domains
nftset=/.song/4#inet#fw4#vpn_domains
nftset=/.sony/4#inet#fw4#vpn_domains
nftset=/.soy/4#inet#fw4#vpn_domains
nftset=/.spa/4#inet#fw4#vpn_domains
nftset=/.space/4#inet#fw4#vpn_domains
nftset=/.sport/4#inet#fw4#vpn_domains
nftset=/.spot/4#inet#fw4#vpn_domains
nftset=/.sr/4#inet#fw4#vpn_domains
nftset=/.srl/4#inet#fw4#vpn_domains
nftset=/.ss/4#inet#fw4#vpn_domains
nftset=/.st/4#inet#fw4#vpn_domains
nftset=/.stada/4#inet#fw4#vpn_domains
nftset=/.staples/4#inet#fw4#vpn_domains
nftset=/.star/4#inet#fw4#vpn_domains
nftset=/.statebank/4#inet#fw4#vpn_domains
nftset=/.statefarm/4#inet#fw4#vpn_domains
nftset=/.stc/4#inet#fw4#vpn_domains
nftset=/.stcgroup/4#inet#fw4#vpn_domains
nftset=/.stockholm/4#inet#fw4#vpn_domains
nftset=/.storage/4#inet#fw4#vpn_domains
nftset=/.store/4#inet#fw4#vpn_domains
nftset=/.stream/4#inet#fw4#vpn_domains
nftset=/.studio/4#inet#fw4#vpn_domains
nftset=/.study/4#inet#fw4#vpn_domains
nftset=/.style/4#inet#fw4#vpn_domains
nftset=/.su/4#inet#fw4#vpn_domains
nftset=/.sucks/4#inet#fw4#vpn_domains
nftset=/.supplies/4#inet#fw4#vpn_domains
nftset=/.supply/4#inet#fw4#vpn_domains
nftset=/.support/4#inet#fw4#vpn_domains
nftset=/.surf/4#inet#fw4#vpn_domains
nftset=/.surgery/4#inet#fw4#vpn_domains
nftset=/.suzuki/4#inet#fw4#vpn_domains
nftset=/.sv/4#inet#fw4#vpn_domains
nftset=/.swatch/4#inet#fw4#vpn_domains
nftset=/.swiss/4#inet#fw4#vpn_domains
nftset=/.sx/4#inet#fw4#vpn_domains
nftset=/.sy/4#inet#fw4#vpn_domains
nftset=/.sydney/4#inet#fw4#vpn_domains
nftset=/.systems/4#inet#fw4#vpn_domains
nftset=/.sz/4#inet#fw4#vpn_domains
nftset=/.tab/4#inet#fw4#vpn_domains
nftset=/.taipei/4#inet#fw4#vpn_domains
nftset=/.talk/4#inet#fw4#vpn_domains
nftset=/.taobao/4#inet#fw4#vpn_domains
nftset=/.target/4#inet#fw4#vpn_domains
nftset=/.tatamotors/4#inet#fw4#vpn_domains
nftset=/.tatar/4#inet#fw4#vpn_domains
nftset=/.tattoo/4#inet#fw4#vpn_domains
nftset=/.tax/4#inet#fw4#vpn_domains
nftset=/.taxi/4#inet#fw4#vpn_domains
nftset=/.tc/4#inet#fw4#vpn_domains
nftset=/.tci/4#inet#fw4#vpn_domains
nftset=/.td/4#inet#fw4#vpn_domains
nftset=/.tdk/4#inet#fw4#vpn_domains
nftset=/.team/4#inet#fw4#vpn_domains
nftset=/.tech/4#inet#fw4#vpn_domains
nftset=/.technology/4#inet#fw4#vpn_domains
nftset=/.tel/4#inet#fw4#vpn_domains
nftset=/.temasek/4#inet#fw4#vpn_domains
nftset=/.tennis/4#inet#fw4#vpn_domains
nftset=/.teva/4#inet#fw4#vpn_domains
nftset=/.tf/4#inet#fw4#vpn_domains
nftset=/.tg/4#inet#fw4#vpn_domains
nftset=/.th/4#inet#fw4#vpn_domains
nftset=/.thd/4#inet#fw4#vpn_domains
nftset=/.theater/4#inet#fw4#vpn_domains
nftset=/.theatre/4#inet#fw4#vpn_domains
nftset=/.tiaa/4#inet#fw4#vpn_domains
nftset=/.tickets/4#inet#fw4#vpn_domains
nftset=/.tienda/4#inet#fw4#vpn_domains
nftset=/.tips/4#inet#fw4#vpn_domains
nftset=/.tires/4#inet#fw4#vpn_domains
nftset=/.tirol/4#inet#fw4#vpn_domains
nftset=/.tj/4#inet#fw4#vpn_domains
nftset=/.tjmaxx/4#inet#fw4#vpn_domains
nftset=/.tjx/4#inet#fw4#vpn_domains
nftset=/.tk/4#inet#fw4#vpn_domains
nftset=/.tkmaxx/4#inet#fw4#vpn_domains
nftset=/.tl/4#inet#fw4#vpn_domains
nftset=/.tm/4#inet#fw4#vpn_domains
nftset=/.tmall/4#inet#fw4#vpn_domains
nftset=/.tn/4#inet#fw4#vpn_domains
nftset=/.to/4#inet#fw4#vpn_domains
nftset=/.today/4#inet#fw4#vpn_domains
nftset=/.tokyo/4#inet#fw4#vpn_domains
nftset=/.tools/4#inet#fw4#vpn_domains
nftset=/.top/4#inet#fw4#vpn_domains
nftset=/.toray/4#inet#fw4#vpn_domains
nftset=/.toshiba/4#inet#fw4#vpn_domains
nftset=/.total/4#inet#fw4#vpn_domains
nftset=/.tours/4#inet#fw4#vpn_domains
nftset=/.town/4#inet#fw4#vpn_domains
nftset=/.toyota/4#inet#fw4#vpn_domains
nftset=/.toys/4#inet#fw4#vpn_domains
nftset=/.tr/4#inet#fw4#vpn_domains
nftset=/.trade/4#inet#fw4#vpn_domains
nftset=/.trading/4#inet#fw4#vpn_domains
nftset=/.training/4#inet#fw4#vpn_domains
nftset=/.travel/4#inet#fw4#vpn_domains
nftset=/.travelers/4#inet#fw4#vpn_domains
nftset=/.travelersinsurance/4#inet#fw4#vpn_domains
nftset=/.trust/4#inet#fw4#vpn_domains
nftset=/.trv/4#inet#fw4#vpn_domains
nftset=/.tt/4#inet#fw4#vpn_domains
nftset=/.tube/4#inet#fw4#vpn_domains
nftset=/.tui/4#inet#fw4#vpn_domains
nftset=/.tunes/4#inet#fw4#vpn_domains
nftset=/.tushu/4#inet#fw4#vpn_domains
nftset=/.tv/4#inet#fw4#vpn_domains
nftset=/.tvs/4#inet#fw4#vpn_domains
nftset=/.tw/4#inet#fw4#vpn_domains
nftset=/.tz/4#inet#fw4#vpn_domains
nftset=/.ua/4#inet#fw4#vpn_domains
nftset=/.ubank/4#inet#fw4#vpn_domains
nftset=/.ubs/4#inet#fw4#vpn_domains
nftset=/.ug/4#inet#fw4#vpn_domains
nftset=/.uk/4#inet#fw4#vpn_domains
nftset=/.unicom/4#inet#fw4#vpn_domains
nftset=/.university/4#inet#fw4#vpn_domains
nftset=/.uno/4#inet#fw4#vpn_domains
nftset=/.uol/4#inet#fw4#vpn_domains
nftset=/.ups/4#inet#fw4#vpn_domains
nftset=/.us/4#inet#fw4#vpn_domains
nftset=/.uy/4#inet#fw4#vpn_domains
nftset=/.uz/4#inet#fw4#vpn_domains
nftset=/.va/4#inet#fw4#vpn_domains
nftset=/.vacations/4#inet#fw4#vpn_domains
nftset=/.vana/4#inet#fw4#vpn_domains
nftset=/.vanguard/4#inet#fw4#vpn_domains
nftset=/.vc/4#inet#fw4#vpn_domains
nftset=/.ve/4#inet#fw4#vpn_domains
nftset=/.vegas/4#inet#fw4#vpn_domains
nftset=/.ventures/4#inet#fw4#vpn_domains
nftset=/.verisign/4#inet#fw4#vpn_domains
nftset=/.versicherung/4#inet#fw4#vpn_domains
nftset=/.vet/4#inet#fw4#vpn_domains
nftset=/.vg/4#inet#fw4#vpn_domains
nftset=/.vi/4#inet#fw4#vpn_domains
nftset=/.viajes/4#inet#fw4#vpn_domains
nftset=/.video/4#inet#fw4#vpn_domains
nftset=/.vig/4#inet#fw4#vpn_domains
nftset=/.viking/4#inet#fw4#vpn_domains
nftset=/.villas/4#inet#fw4#vpn_domains
nftset=/.vin/4#inet#fw4#vpn_domains
nftset=/.vip/4#inet#fw4#vpn_domains
nftset=/.virgin/4#inet#fw4#vpn_domains
nftset=/.visa/4#inet#fw4#vpn_domains
nftset=/.vision/4#inet#fw4#vpn_domains
nftset=/.viva/4#inet#fw4#vpn_domains
nftset=/.vivo/4#inet#fw4#vpn_domains
nftset=/.vlaanderen/4#inet#fw4#vpn_domains
nftset=/.vn/4#inet#fw4#vpn_domains
nftset=/.vodka/4#inet#fw4#vpn_domains
nftset=/.volvo/4#inet#fw4#vpn_domains
nftset=/.vote/4#inet#fw4#vpn_domains
nftset=/.voting/4#inet#fw4#vpn_domains
nftset=/.voto/4#inet#fw4#vpn_domains
nftset=/.voyage/4#inet#fw4#vpn_domains
nftset=/.vu/4#inet#fw4#vpn_domains
nftset=/.wales/4#inet#fw4#vpn_domains
nftset=/.walmart/4#inet#fw4#vpn_domains
nftset=/.walter/4#inet#fw4#vpn_domains
nftset=/.wang/4#inet#fw4#vpn_domains
nftset=/.wanggou/4#inet#fw4#vpn_domains
nftset=/.watch/4#inet#fw4#vpn_domains
nftset=/.watches/4#inet#fw4#vpn_domains
nftset=/.weather/4#inet#fw4#vpn_domains
nftset=/.weatherchannel/4#inet#fw4#vpn_domains
nftset=/.web/4#inet#fw4#vpn_domains
nftset=/.webcam/4#inet#fw4#vpn_domains
nftset=/.weber/4#inet#fw4#vpn_domains
nftset=/.website/4#inet#fw4#vpn_domains
nftset=/.wed/4#inet#fw4#vpn_domains
nftset=/.wedding/4#inet#fw4#vpn_domains
nftset=/.weibo/4#inet#fw4#vpn_domains
nftset=/.weir/4#inet#fw4#vpn_domains
nftset=/.wf/4#inet#fw4#vpn_domains
nftset=/.whoswho/4#inet#fw4#vpn_domains
nftset=/.wien/4#inet#fw4#vpn_domains
nftset=/.wiki/4#inet#fw4#vpn_domains
nftset=/.williamhill/4#inet#fw4#vpn_domains
nftset=/.win/4#inet#fw4#vpn_domains
nftset=/.windows/4#inet#fw4#vpn_domains
nftset=/.wine/4#inet#fw4#vpn_domains
nftset=/.winners/4#inet#fw4#vpn_domains
nftset=/.wme/4#inet#fw4#vpn_domains
nftset=/.woodside/4#inet#fw4#vpn_domains
nftset=/.work/4#inet#fw4#vpn_domains
nftset=/.works/4#inet#fw4#vpn_domains
nftset=/.world/4#inet#fw4#vpn_domains
nftset=/.wow/4#inet#fw4#vpn_domains
nftset=/.ws/4#inet#fw4#vpn_domains
nftset=/.wtc/4#inet#fw4#vpn_domains
nftset=/.wtf/4#inet#fw4#vpn_domains
nftset=/.xbox/4#inet#fw4#vpn_domains
nftset=/.xerox/4#inet#fw4#vpn_domains
nftset=/.xihuan/4#inet#fw4#vpn_domains
nftset=/.xin/4#inet#fw4#vpn_domains
nftset=/.xn--11b4c3d/4#inet#fw4#vpn_domains
nftset=/.xn--1ck2e1b/4#inet#fw4#vpn_domains
nftset=/.xn--1qqw23a/4#inet#fw4#vpn_domains
nftset=/.xn--2scrj9c/4#inet#fw4#vpn_domains
nftset=/.xn--30rr7y/4#inet#fw4#vpn_domains
nftset=/.xn--3bst00m/4#inet#fw4#vpn_domains
nftset=/.xn--3ds443g/4#inet#fw4#vpn_domains
nftset=/.xn--3e0b707e/4#inet#fw4#vpn_domains
nftset=/.xn--3hcrj9c/4#inet#fw4#vpn_domains
nftset=/.xn--3pxu8k/4#inet#fw4#vpn_domains
nftset=/.xn--42c2d9a/4#inet#fw4#vpn_domains
nftset=/.xn--45br5cyl/4#inet#fw4#vpn_domains
nftset=/.xn--45brj9c/4#inet#fw4#vpn_domains
nftset=/.xn--45q11c/4#inet#fw4#vpn_domains
nftset=/.xn--4dbrk0ce/4#inet#fw4#vpn_domains
nftset=/.xn--4gbrim/4#inet#fw4#vpn_domains
nftset=/.xn--54b7fta0cc/4#inet#fw4#vpn_domains
nftset=/.xn--55qw42g/4#inet#fw4#vpn_domains
nftset=/.xn--55qx5d/4#inet#fw4#vpn_domains
nftset=/.xn--5su34j936bgsg/4#inet#fw4#vpn_domains
nftset=/.xn--5tzm5g/4#inet#fw4#vpn_domains
nftset=/.xn--6frz82g/4#inet#fw4#vpn_domains
nftset=/.xn--6qq986b3xl/4#inet#fw4#vpn_domains
nftset=/.xn--80adxhks/4#inet#fw4#vpn_domains
nftset=/.xn--80ao21a/4#inet#fw4#vpn_domains
nftset=/.xn--80aqecdr1a/4#inet#fw4#vpn_domains
nftset=/.xn--80asehdb/4#inet#fw4#vpn_domains
nftset=/.xn--80aswg/4#inet#fw4#vpn_domains
nftset=/.xn--8y0a063a/4#inet#fw4#vpn_domains
nftset=/.xn--90a3ac/4#inet#fw4#vpn_domains
nftset=/.xn--90ae/4#inet#fw4#vpn_domains
nftset=/.xn--90ais/4#inet#fw4#vpn_domains
nftset=/.xn--9dbq2a/4#inet#fw4#vpn_domains
nftset=/.xn--9et52u/4#inet#fw4#vpn_domains
nftset=/.xn--9krt00a/4#inet#fw4#vpn_domains
nftset=/.xn--b4w605ferd/4#inet#fw4#vpn_domains
nftset=/.xn--bck1b9a5dre4c/4#inet#fw4#vpn_domains
nftset=/.xn--c1avg/4#inet#fw4#vpn_domains
nftset=/.xn--c2br7g/4#inet#fw4#vpn_domains
nftset=/.xn--cck2b3b/4#inet#fw4#vpn_domains
nftset=/.xn--cckwcxetd/4#inet#fw4#vpn_domains
nftset=/.xn--cg4bki/4#inet#fw4#vpn_domains
nftset=/.xn--clchc0ea0b2g2a9gcd/4#inet#fw4#vpn_domains
nftset=/.xn--czr694b/4#inet#fw4#vpn_domains
nftset=/.xn--czrs0t/4#inet#fw4#vpn_domains
nftset=/.xn--czru2d/4#inet#fw4#vpn_domains
nftset=/.xn--d1acj3b/4#inet#fw4#vpn_domains
nftset=/.xn--d1alf/4#inet#fw4#vpn_domains
nftset=/.xn--e1a4c/4#inet#fw4#vpn_domains
nftset=/.xn--eckvdtc9d/4#inet#fw4#vpn_domains
nftset=/.xn--efvy88h/4#inet#fw4#vpn_domains
nftset=/.xn--fct429k/4#inet#fw4#vpn_domains
nftset=/.xn--fhbei/4#inet#fw4#vpn_domains
nftset=/.xn--fiq228c5hs/4#inet#fw4#vpn_domains
nftset=/.xn--fiq64b/4#inet#fw4#vpn_domains
nftset=/.xn--fiqs8s/4#inet#fw4#vpn_domains
nftset=/.xn--fiqz9s/4#inet#fw4#vpn_domains
nftset=/.xn--fjq720a/4#inet#fw4#vpn_domains
nftset=/.xn--flw351e/4#inet#fw4#vpn_domains
nftset=/.xn--fpcrj9c3d/4#inet#fw4#vpn_domains
nftset=/.xn--fzc2c9e2c/4#inet#fw4#vpn_domains
nftset=/.xn--fzys8d69uvgm/4#inet#fw4#vpn_domains
nftset=/.xn--g2xx48c/4#inet#fw4#vpn_domains
nftset=/.xn--gckr3f0f/4#inet#fw4#vpn_domains
nftset=/.xn--gecrj9c/4#inet#fw4#vpn_domains
nftset=/.xn--gk3at1e/4#inet#fw4#vpn_domains
nftset=/.xn--h2breg3eve/4#inet#fw4#vpn_domains
nftset=/.xn--h2brj9c/4#inet#fw4#vpn_domains
nftset=/.xn--h2brj9c8c/4#inet#fw4#vpn_domains
nftset=/.xn--hxt814e/4#inet#fw4#vpn_domains
nftset=/.xn--i1b6b1a6a2e/4#inet#fw4#vpn_domains
nftset=/.xn--imr513n/4#inet#fw4#vpn_domains
nftset=/.xn--io0a7i/4#inet#fw4#vpn_domains
nftset=/.xn--j1aef/4#inet#fw4#vpn_domains
nftset=/.xn--j1amh/4#inet#fw4#vpn_domains
nftset=/.xn--j6w193g/4#inet#fw4#vpn_domains
nftset=/.xn--jlq480n2rg/4#inet#fw4#vpn_domains
nftset=/.xn--jvr189m/4#inet#fw4#vpn_domains
nftset=/.xn--kcrx77d1x4a/4#inet#fw4#vpn_domains
nftset=/.xn--kprw13d/4#inet#fw4#vpn_domains
nftset=/.xn--kpry57d/4#inet#fw4#vpn_domains
nftset=/.xn--kput3i/4#inet#fw4#vpn_domains
nftset=/.xn--l1acc/4#inet#fw4#vpn_domains
nftset=/.xn--lgbbat1ad8j/4#inet#fw4#vpn_domains
nftset=/.xn--mgb9awbf/4#inet#fw4#vpn_domains
nftset=/.xn--mgba3a3ejt/4#inet#fw4#vpn_domains
nftset=/.xn--mgba3a4f16a/4#inet#fw4#vpn_domains
nftset=/.xn--mgba7c0bbn0a/4#inet#fw4#vpn_domains
nftset=/.xn--mgbaam7a8h/4#inet#fw4#vpn_domains
nftset=/.xn--mgbab2bd/4#inet#fw4#vpn_domains
nftset=/.xn--mgbah1a3hjkrd/4#inet#fw4#vpn_domains
nftset=/.xn--mgbai9azgqp6j/4#inet#fw4#vpn_domains
nftset=/.xn--mgbayh7gpa/4#inet#fw4#vpn_domains
nftset=/.xn--mgbbh1a/4#inet#fw4#vpn_domains
nftset=/.xn--mgbbh1a71e/4#inet#fw4#vpn_domains
nftset=/.xn--mgbc0a9azcg/4#inet#fw4#vpn_domains
nftset=/.xn--mgbca7dzdo/4#inet#fw4#vpn_domains
nftset=/.xn--mgbcpq6gpa1a/4#inet#fw4#vpn_domains
nftset=/.xn--mgberp4a5d4ar/4#inet#fw4#vpn_domains
nftset=/.xn--mgbgu82a/4#inet#fw4#vpn_domains
nftset=/.xn--mgbi4ecexp/4#inet#fw4#vpn_domains
nftset=/.xn--mgbpl2fh/4#inet#fw4#vpn_domains
nftset=/.xn--mgbt3dhd/4#inet#fw4#vpn_domains
nftset=/.xn--mgbtx2b/4#inet#fw4#vpn_domains
nftset=/.xn--mgbx4cd0ab/4#inet#fw4#vpn_domains
nftset=/.xn--mix891f/4#inet#fw4#vpn_domains
nftset=/.xn--mk1bu44c/4#inet#fw4#vpn_domains
nftset=/.xn--mxtq1m/4#inet#fw4#vpn_domains
nftset=/.xn--ngbc5azd/4#inet#fw4#vpn_domains
nftset=/.xn--ngbe9e0a/4#inet#fw4#vpn_domains
nftset=/.xn--ngbrx/4#inet#fw4#vpn_domains
nftset=/.xn--node/4#inet#fw4#vpn_domains
nftset=/.xn--nqv7f/4#inet#fw4#vpn_domains
nftset=/.xn--nqv7fs00ema/4#inet#fw4#vpn_domains
nftset=/.xn--nyqy26a/4#inet#fw4#vpn_domains
nftset=/.xn--o3cw4h/4#inet#fw4#vpn_domains
nftset=/.xn--ogbpf8fl/4#inet#fw4#vpn_domains
nftset=/.xn--otu796d/4#inet#fw4#vpn_domains
nftset=/.xn--p1acf/4#inet#fw4#vpn_domains
nftset=/.xn--p1ai/4#inet#fw4#vpn_domains
nftset=/.xn--pgbs0dh/4#inet#fw4#vpn_domains
nftset=/.xn--pssy2u/4#inet#fw4#vpn_domains
nftset=/.xn--q7ce6a/4#inet#fw4#vpn_domains
nftset=/.xn--q9jyb4c/4#inet#fw4#vpn_domains
nftset=/.xn--qcka1pmc/4#inet#fw4#vpn_domains
nftset=/.xn--qxa6a/4#inet#fw4#vpn_domains
nftset=/.xn--qxam/4#inet#fw4#vpn_domains
nftset=/.xn--rhqv96g/4#inet#fw4#vpn_domains
nftset=/.xn--rovu88b/4#inet#fw4#vpn_domains
nftset=/.xn--rvc1e0am3e/4#inet#fw4#vpn_domains
nftset=/.xn--s9brj9c/4#inet#fw4#vpn_domains
nftset=/.xn--ses554g/4#inet#fw4#vpn_domains
nftset=/.xn--t60b56a/4#inet#fw4#vpn_domains
nftset=/.xn--tckwe/4#inet#fw4#vpn_domains
nftset=/.xn--tiq49xqyj/4#inet#fw4#vpn_domains
nftset=/.xn--unup4y/4#inet#fw4#vpn_domains
nftset=/.xn--vermgensberater-ctb/4#inet#fw4#vpn_domains
nftset=/.xn--vermgensberatung-pwb/4#inet#fw4#vpn_domains
nftset=/.xn--vhquv/4#inet#fw4#vpn_domains
nftset=/.xn--vuq861b/4#inet#fw4#vpn_domains
nftset=/.xn--w4r85el8fhu5dnra/4#inet#fw4#vpn_domains
nftset=/.xn--w4rs40l/4#inet#fw4#vpn_domains
nftset=/.xn--wgbh1c/4#inet#fw4#vpn_domains
nftset=/.xn--wgbl6a/4#inet#fw4#vpn_domains
nftset=/.xn--xhq521b/4#inet#fw4#vpn_domains
nftset=/.xn--xkc2al3hye2a/4#inet#fw4#vpn_domains
nftset=/.xn--xkc2dl3a5ee0h/4#inet#fw4#vpn_domains
nftset=/.xn--y9a3aq/4#inet#fw4#vpn_domains
nftset=/.xn--yfro4i67o/4#inet#fw4#vpn_domains
nftset=/.xn--ygbi2ammx/4#inet#fw4#vpn_domains
nftset=/.xn--zfr164b/4#inet#fw4#vpn_domains
nftset=/.xxx/4#inet#fw4#vpn_domains
nftset=/.xyz/4#inet#fw4#vpn_domains
nftset=/.yachts/4#inet#fw4#vpn_domains
nftset=/.yahoo/4#inet#fw4#vpn_domains
nftset=/.yamaxun/4#inet#fw4#vpn_domains
nftset=/.yandex/4#inet#fw4#vpn_domains
nftset=/.ye/4#inet#fw4#vpn_domains
nftset=/.yodobashi/4#inet#fw4#vpn_domains
nftset=/.yoga/4#inet#fw4#vpn_domains
nftset=/.yokohama/4#inet#fw4#vpn_domains
nftset=/.you/4#inet#fw4#vpn_domains
nftset=/.youtube/4#inet#fw4#vpn_domains
nftset=/.yt/4#inet#fw4#vpn_domains
nftset=/.yun/4#inet#fw4#vpn_domains
nftset=/.za/4#inet#fw4#vpn_domains
nftset=/.zappos/4#inet#fw4#vpn_domains
nftset=/.zara/4#inet#fw4#vpn_domains
nftset=/.zero/4#inet#fw4#vpn_domains
nftset=/.zip/4#inet#fw4#vpn_domains
nftset=/.zm/4#inet#fw4#vpn_domains
nftset=/.zone/4#inet#fw4#vpn_domains
nftset=/.zuerich/4#inet#fw4#vpn_domains
nftset=/.zw/4#inet#fw4#vpn_domains
